@!@!@STARTMSG 2262:0 @!@!@
TLC2 Version 2.18 of Day Month 20?? (rev: 6dfec66)
@!@!@ENDMSG 2262 @!@!@
@!@!@STARTMSG 2187:0 @!@!@
Running breadth-first search Model-Checking with fp 100 and seed -6167132672660898374 with 1 worker on 8 cores with 7220MB heap and 64MB offheap memory [pid: 25476] (Windows 11 10.0 amd64, Oracle Corporation 18.0.1.1 x86_64, MSBDiskFPSet, DiskStateQueue).
@!@!@ENDMSG 2187 @!@!@
@!@!@STARTMSG 2220:0 @!@!@
Starting SANY...
@!@!@ENDMSG 2220 @!@!@
Parsing file C:\University\Master's Thesis\tla_generator_v2\test\apps\bracha\lib\rbc_bracha_specs\handle_propose_message\handle_propose_message_REF.tla (file:/c:/University/Master's%20Thesis/tla_generator_v2/test/apps/bracha/lib/rbc_bracha_specs/handle_propose_message/handle_propose_message_REF.tla)
Parsing file C:\University\Master's Thesis\tla_generator_v2\test\apps\bracha\lib\rbc_bracha_specs\handle_propose_message\handle_propose_message.tla (file:/c:/University/Master's%20Thesis/tla_generator_v2/test/apps/bracha/lib/rbc_bracha_specs/handle_propose_message/handle_propose_message.tla)
Warning: symbols were renamed.
!! WARNING: The PlusCal algorithm in module handle_propose_message has changed since its last translation.
Parsing file C:\Users\Deividas\AppData\Local\Temp\tlc-15431092700277144488\Naturals.tla (jar:file:/C:/Users/Deividas/.vscode/extensions/alygin.vscode-tlaplus-nightly-2022.12.3106/tools/tla2tools.jar!/tla2sany/StandardModules/Naturals.tla)
Parsing file C:\Users\Deividas\AppData\Local\Temp\tlc-15431092700277144488\FiniteSets.tla (jar:file:/C:/Users/Deividas/.vscode/extensions/alygin.vscode-tlaplus-nightly-2022.12.3106/tools/tla2tools.jar!/tla2sany/StandardModules/FiniteSets.tla)
Parsing file C:\Users\Deividas\AppData\Local\Temp\tlc-15431092700277144488\Sequences.tla (jar:file:/C:/Users/Deividas/.vscode/extensions/alygin.vscode-tlaplus-nightly-2022.12.3106/tools/tla2tools.jar!/tla2sany/StandardModules/Sequences.tla)
Parsing file C:\Users\Deividas\AppData\Local\Temp\tlc-15431092700277144488\TLC.tla (jar:file:/C:/Users/Deividas/.vscode/extensions/alygin.vscode-tlaplus-nightly-2022.12.3106/tools/tla2tools.jar!/tla2sany/StandardModules/TLC.tla)
Parsing file C:\University\Master's Thesis\tla_generator_v2\test\apps\bracha\lib\rbc_bracha_specs\handle_propose_message\BrachaRBC.tla (file:/c:/University/Master's%20Thesis/tla_generator_v2/test/apps/bracha/lib/rbc_bracha_specs/handle_propose_message/BrachaRBC.tla)
Semantic processing of module Naturals
Semantic processing of module Sequences
Semantic processing of module FiniteSets
Semantic processing of module TLC
Semantic processing of module handle_propose_message
Semantic processing of module BrachaRBC
Semantic processing of module handle_propose_message_REF
@!@!@STARTMSG 2219:0 @!@!@
SANY finished.
@!@!@ENDMSG 2219 @!@!@
@!@!@STARTMSG 2185:0 @!@!@
Starting... (2022-12-31 11:44:04)
@!@!@ENDMSG 2185 @!@!@
@!@!@STARTMSG 2212:0 @!@!@
Implied-temporal checking--satisfiability problem has 1 branches.
@!@!@ENDMSG 2212 @!@!@
@!@!@STARTMSG 2189:0 @!@!@
Computing initial states...
@!@!@ENDMSG 2189 @!@!@
@!@!@STARTMSG 2269:0 @!@!@
Computed 2 initial states...
@!@!@ENDMSG 2269 @!@!@
@!@!@STARTMSG 2269:0 @!@!@
Computed 4 initial states...
@!@!@ENDMSG 2269 @!@!@
@!@!@STARTMSG 2269:0 @!@!@
Computed 8 initial states...
@!@!@ENDMSG 2269 @!@!@
@!@!@STARTMSG 2190:0 @!@!@
Finished computing initial states: 14 distinct states generated at 2022-12-31 11:44:04.
@!@!@ENDMSG 2190 @!@!@
@!@!@STARTMSG 2192:0 @!@!@
Checking temporal properties for the current state space with 8182 total distinct states at (2022-12-31 11:44:07)
@!@!@ENDMSG 2192 @!@!@
@!@!@STARTMSG 2267:0 @!@!@
Finished checking temporal properties in 00s at 2022-12-31 11:44:07
@!@!@ENDMSG 2267 @!@!@
@!@!@STARTMSG 2200:0 @!@!@
Progress(12) at 2022-12-31 11:44:07: 24,613 states generated (24,613 s/min), 8,182 distinct states found (8,182 ds/min), 902 states left on queue.
@!@!@ENDMSG 2200 @!@!@
@!@!@STARTMSG 2200:0 @!@!@
Progress(17) at 2022-12-31 11:44:08: 30,093 states generated, 10,143 distinct states found, 0 states left on queue.
@!@!@ENDMSG 2200 @!@!@
@!@!@STARTMSG 2192:0 @!@!@
Checking temporal properties for the complete state space with 10143 total distinct states at (2022-12-31 11:44:08)
@!@!@ENDMSG 2192 @!@!@
@!@!@STARTMSG 2267:0 @!@!@
Finished checking temporal properties in 00s at 2022-12-31 11:44:08
@!@!@ENDMSG 2267 @!@!@
@!@!@STARTMSG 2193:0 @!@!@
Model checking completed. No error has been found.
  Estimates of the probability that TLC did not check all reachable states
  because two distinct states had the same fingerprint:
  calculated (optimistic):  val = 1.1E-11
@!@!@ENDMSG 2193 @!@!@
@!@!@STARTMSG 2201:0 @!@!@
The coverage statistics at 2022-12-31 11:44:08
@!@!@ENDMSG 2201 @!@!@
@!@!@STARTMSG 2773:0 @!@!@
<Init line 113, col 1 to line 113, col 4 of module handle_propose_message>: 14:14
@!@!@ENDMSG 2773 @!@!@
@!@!@STARTMSG 2221:0 @!@!@
  line 114, col 12 to line 114, col 24 of module handle_propose_message: 1
@!@!@ENDMSG 2221 @!@!@
@!@!@STARTMSG 2221:0 @!@!@
  line 115, col 12 to line 115, col 24 of module handle_propose_message: 4
@!@!@ENDMSG 2221 @!@!@
@!@!@STARTMSG 2221:0 @!@!@
  line 116, col 23 to line 116, col 76 of module handle_propose_message: 4
@!@!@ENDMSG 2221 @!@!@
@!@!@STARTMSG 2221:0 @!@!@
  |line 116, col 28 to line 116, col 38 of module handle_propose_message: 4
@!@!@ENDMSG 2221 @!@!@
@!@!@STARTMSG 2221:0 @!@!@
  |line 116, col 43 to line 116, col 47 of module handle_propose_message: 3
@!@!@ENDMSG 2221 @!@!@
@!@!@STARTMSG 2221:0 @!@!@
  |line 116, col 52 to line 116, col 62 of module handle_propose_message: 1
@!@!@ENDMSG 2221 @!@!@
@!@!@STARTMSG 2775:0 @!@!@
  |line 116, col 67 to line 116, col 76 of module handle_propose_message: 1:2
@!@!@ENDMSG 2775 @!@!@
@!@!@STARTMSG 2221:0 @!@!@
  ||line 116, col 68 to line 116, col 75 of module handle_propose_message: 1
@!@!@ENDMSG 2221 @!@!@
@!@!@STARTMSG 2221:0 @!@!@
  line 117, col 12 to line 117, col 31 of module handle_propose_message: 7
@!@!@ENDMSG 2221 @!@!@
@!@!@STARTMSG 2775:0 @!@!@
  line 118, col 21 to line 132, col 35 of module handle_propose_message: 14:56
@!@!@ENDMSG 2775 @!@!@
@!@!@STARTMSG 2221:0 @!@!@
  |line 118, col 34 to line 118, col 35 of module handle_propose_message: 14
@!@!@ENDMSG 2221 @!@!@
@!@!@STARTMSG 2775:0 @!@!@
  line 133, col 19 to line 133, col 41 of module handle_propose_message: 14:56
@!@!@ENDMSG 2775 @!@!@
@!@!@STARTMSG 2221:0 @!@!@
  |line 133, col 32 to line 133, col 33 of module handle_propose_message: 14
@!@!@ENDMSG 2221 @!@!@
@!@!@STARTMSG 2221:0 @!@!@
  line 134, col 12 to line 134, col 44 of module handle_propose_message: 14
@!@!@ENDMSG 2221 @!@!@
@!@!@STARTMSG 2775:0 @!@!@
  line 136, col 18 to line 136, col 45 of module handle_propose_message: 14:56
@!@!@ENDMSG 2775 @!@!@
@!@!@STARTMSG 2221:0 @!@!@
  |line 136, col 28 to line 136, col 29 of module handle_propose_message: 14
@!@!@ENDMSG 2221 @!@!@
@!@!@STARTMSG 2775:0 @!@!@
  line 137, col 26 to line 137, col 47 of module handle_propose_message: 14:56
@!@!@ENDMSG 2775 @!@!@
@!@!@STARTMSG 2221:0 @!@!@
  |line 137, col 36 to line 137, col 37 of module handle_propose_message: 14
@!@!@ENDMSG 2221 @!@!@
@!@!@STARTMSG 2775:0 @!@!@
  line 138, col 24 to line 138, col 45 of module handle_propose_message: 14:56
@!@!@ENDMSG 2775 @!@!@
@!@!@STARTMSG 2221:0 @!@!@
  |line 138, col 34 to line 138, col 35 of module handle_propose_message: 14
@!@!@ENDMSG 2221 @!@!@
@!@!@STARTMSG 2775:0 @!@!@
  line 139, col 17 to line 139, col 38 of module handle_propose_message: 14:56
@!@!@ENDMSG 2775 @!@!@
@!@!@STARTMSG 2221:0 @!@!@
  |line 139, col 27 to line 139, col 28 of module handle_propose_message: 14
@!@!@ENDMSG 2221 @!@!@
@!@!@STARTMSG 2775:0 @!@!@
  line 140, col 23 to line 140, col 44 of module handle_propose_message: 14:56
@!@!@ENDMSG 2775 @!@!@
@!@!@STARTMSG 2221:0 @!@!@
  |line 140, col 33 to line 140, col 34 of module handle_propose_message: 14
@!@!@ENDMSG 2221 @!@!@
@!@!@STARTMSG 2775:0 @!@!@
  line 141, col 21 to line 141, col 42 of module handle_propose_message: 14:56
@!@!@ENDMSG 2775 @!@!@
@!@!@STARTMSG 2221:0 @!@!@
  |line 141, col 31 to line 141, col 32 of module handle_propose_message: 14
@!@!@ENDMSG 2221 @!@!@
@!@!@STARTMSG 2775:0 @!@!@
  line 142, col 20 to line 142, col 41 of module handle_propose_message: 14:56
@!@!@ENDMSG 2775 @!@!@
@!@!@STARTMSG 2221:0 @!@!@
  |line 142, col 30 to line 142, col 31 of module handle_propose_message: 14
@!@!@ENDMSG 2221 @!@!@
@!@!@STARTMSG 2775:0 @!@!@
  line 143, col 24 to line 143, col 45 of module handle_propose_message: 14:56
@!@!@ENDMSG 2775 @!@!@
@!@!@STARTMSG 2221:0 @!@!@
  |line 143, col 34 to line 143, col 35 of module handle_propose_message: 14
@!@!@ENDMSG 2221 @!@!@
@!@!@STARTMSG 2775:0 @!@!@
  line 144, col 21 to line 144, col 42 of module handle_propose_message: 14:56
@!@!@ENDMSG 2775 @!@!@
@!@!@STARTMSG 2221:0 @!@!@
  |line 144, col 31 to line 144, col 32 of module handle_propose_message: 14
@!@!@ENDMSG 2221 @!@!@
@!@!@STARTMSG 2221:0 @!@!@
  line 145, col 12 to line 145, col 64 of module handle_propose_message: 14
@!@!@ENDMSG 2221 @!@!@
@!@!@STARTMSG 2775:0 @!@!@
  |line 145, col 17 to line 145, col 64 of module handle_propose_message: 14:56
@!@!@ENDMSG 2775 @!@!@
@!@!@STARTMSG 2221:0 @!@!@
  ||line 145, col 27 to line 145, col 33 of module handle_propose_message: 14
@!@!@ENDMSG 2221 @!@!@
@!@!@STARTMSG 2772:0 @!@!@
<handle_propose_message_ line 147, col 1 to line 147, col 29 of module handle_propose_message>: 2310:7476
@!@!@ENDMSG 2772 @!@!@
@!@!@STARTMSG 2221:0 @!@!@
  line 147, col 37 to line 147, col 72 of module handle_propose_message: 48048
@!@!@ENDMSG 2221 @!@!@
@!@!@STARTMSG 2221:0 @!@!@
  |line 147, col 37 to line 147, col 44 of module handle_propose_message: 40572
@!@!@ENDMSG 2221 @!@!@
@!@!@STARTMSG 2221:0 @!@!@
  line 148, col 40 to line 148, col 59 of module handle_propose_message: 7476
@!@!@ENDMSG 2221 @!@!@
@!@!@STARTMSG 2221:0 @!@!@
  line 149, col 48 to line 149, col 81 of module handle_propose_message: 0
@!@!@ENDMSG 2221 @!@!@
@!@!@STARTMSG 2221:0 @!@!@
  line 150, col 45 to line 150, col 92 of module handle_propose_message: 7476
@!@!@ENDMSG 2221 @!@!@
@!@!@STARTMSG 2221:0 @!@!@
  line 151, col 37 to line 155, col 69 of module handle_propose_message: 7476
@!@!@ENDMSG 2221 @!@!@
@!@!@STARTMSG 2772:0 @!@!@
<after_condition line 157, col 1 to line 157, col 21 of module handle_propose_message>: 2310:7476
@!@!@ENDMSG 2772 @!@!@
@!@!@STARTMSG 2221:0 @!@!@
  line 157, col 29 to line 157, col 56 of module handle_propose_message: 48048
@!@!@ENDMSG 2221 @!@!@
@!@!@STARTMSG 2221:0 @!@!@
  |line 157, col 29 to line 157, col 36 of module handle_propose_message: 40572
@!@!@ENDMSG 2221 @!@!@
@!@!@STARTMSG 2221:0 @!@!@
  line 158, col 29 to line 158, col 95 of module handle_propose_message: 7476
@!@!@ENDMSG 2221 @!@!@
@!@!@STARTMSG 2221:0 @!@!@
  line 159, col 29 to line 159, col 89 of module handle_propose_message: 7476
@!@!@ENDMSG 2221 @!@!@
@!@!@STARTMSG 2221:0 @!@!@
  line 160, col 29 to line 160, col 68 of module handle_propose_message: 7476
@!@!@ENDMSG 2221 @!@!@
@!@!@STARTMSG 2221:0 @!@!@
  line 161, col 29 to line 161, col 86 of module handle_propose_message: 7476
@!@!@ENDMSG 2221 @!@!@
@!@!@STARTMSG 2221:0 @!@!@
  line 162, col 29 to line 162, col 80 of module handle_propose_message: 7476
@!@!@ENDMSG 2221 @!@!@
@!@!@STARTMSG 2221:0 @!@!@
  line 163, col 29 to line 163, col 77 of module handle_propose_message: 7476
@!@!@ENDMSG 2221 @!@!@
@!@!@STARTMSG 2221:0 @!@!@
  line 164, col 29 to line 164, col 89 of module handle_propose_message: 7476
@!@!@ENDMSG 2221 @!@!@
@!@!@STARTMSG 2221:0 @!@!@
  line 165, col 32 to line 165, col 57 of module handle_propose_message: 7476
@!@!@ENDMSG 2221 @!@!@
@!@!@STARTMSG 2221:0 @!@!@
  line 166, col 40 to line 166, col 73 of module handle_propose_message: 0
@!@!@ENDMSG 2221 @!@!@
@!@!@STARTMSG 2221:0 @!@!@
  line 167, col 37 to line 167, col 80 of module handle_propose_message: 7476
@!@!@ENDMSG 2221 @!@!@
@!@!@STARTMSG 2221:0 @!@!@
  line 168, col 29 to line 169, col 67 of module handle_propose_message: 7476
@!@!@ENDMSG 2221 @!@!@
@!@!@STARTMSG 2772:0 @!@!@
<after_pin_0 line 171, col 1 to line 171, col 17 of module handle_propose_message>: 2310:7476
@!@!@ENDMSG 2772 @!@!@
@!@!@STARTMSG 2221:0 @!@!@
  line 171, col 25 to line 171, col 48 of module handle_propose_message: 48048
@!@!@ENDMSG 2221 @!@!@
@!@!@STARTMSG 2221:0 @!@!@
  |line 171, col 25 to line 171, col 32 of module handle_propose_message: 40572
@!@!@ENDMSG 2221 @!@!@
@!@!@STARTMSG 2221:0 @!@!@
  line 172, col 29 to line 172, col 70 of module handle_propose_message: 7476
@!@!@ENDMSG 2221 @!@!@
@!@!@STARTMSG 2221:0 @!@!@
  |line 172, col 29 to line 172, col 44 of module handle_propose_message: 7476
@!@!@ENDMSG 2221 @!@!@
@!@!@STARTMSG 2221:0 @!@!@
  |line 172, col 49 to line 172, col 70 of module handle_propose_message: 3976
@!@!@ENDMSG 2221 @!@!@
@!@!@STARTMSG 2221:0 @!@!@
  line 173, col 33 to line 173, col 69 of module handle_propose_message: 3976
@!@!@ENDMSG 2221 @!@!@
@!@!@STARTMSG 2221:0 @!@!@
  line 174, col 33 to line 174, col 71 of module handle_propose_message: 3500
@!@!@ENDMSG 2221 @!@!@
@!@!@STARTMSG 2221:0 @!@!@
  line 175, col 25 to line 178, col 46 of module handle_propose_message: 7476
@!@!@ENDMSG 2221 @!@!@
@!@!@STARTMSG 2772:0 @!@!@
<if_0 line 180, col 1 to line 180, col 10 of module handle_propose_message>: 2107:3976
@!@!@ENDMSG 2772 @!@!@
@!@!@STARTMSG 2221:0 @!@!@
  line 180, col 18 to line 180, col 34 of module handle_propose_message: 44548
@!@!@ENDMSG 2221 @!@!@
@!@!@STARTMSG 2221:0 @!@!@
  |line 180, col 18 to line 180, col 25 of module handle_propose_message: 40572
@!@!@ENDMSG 2221 @!@!@
@!@!@STARTMSG 2221:0 @!@!@
  line 181, col 18 to line 181, col 78 of module handle_propose_message: 3976
@!@!@ENDMSG 2221 @!@!@
@!@!@STARTMSG 2221:0 @!@!@
  line 182, col 18 to line 183, col 71 of module handle_propose_message: 3976
@!@!@ENDMSG 2221 @!@!@
@!@!@STARTMSG 2221:0 @!@!@
  line 184, col 18 to line 184, col 103 of module handle_propose_message: 3976
@!@!@ENDMSG 2221 @!@!@
@!@!@STARTMSG 2775:0 @!@!@
  |line 184, col 26 to line 184, col 103 of module handle_propose_message: 3976:15904
@!@!@ENDMSG 2775 @!@!@
@!@!@STARTMSG 2221:0 @!@!@
  ||line 184, col 39 to line 184, col 49 of module handle_propose_message: 3976
@!@!@ENDMSG 2221 @!@!@
@!@!@STARTMSG 2221:0 @!@!@
  line 185, col 18 to line 185, col 94 of module handle_propose_message: 3976
@!@!@ENDMSG 2221 @!@!@
@!@!@STARTMSG 2221:0 @!@!@
  |line 185, col 28 to line 185, col 94 of module handle_propose_message: 3976
@!@!@ENDMSG 2221 @!@!@
@!@!@STARTMSG 2221:0 @!@!@
  ||line 185, col 29 to line 185, col 34 of module handle_propose_message: 3976
@!@!@ENDMSG 2221 @!@!@
@!@!@STARTMSG 2221:0 @!@!@
  ||line 185, col 43 to line 185, col 93 of module handle_propose_message: 3976
@!@!@ENDMSG 2221 @!@!@
@!@!@STARTMSG 2775:0 @!@!@
  ||line 185, col 53 to line 185, col 93 of module handle_propose_message: 3976:65296
@!@!@ENDMSG 2775 @!@!@
@!@!@STARTMSG 2221:0 @!@!@
  |||line 185, col 61 to line 185, col 70 of module handle_propose_message: 3976
@!@!@ENDMSG 2221 @!@!@
@!@!@STARTMSG 2221:0 @!@!@
  |||line 185, col 73 to line 185, col 77 of module handle_propose_message: 3976
@!@!@ENDMSG 2221 @!@!@
@!@!@STARTMSG 2221:0 @!@!@
  |||line 185, col 80 to line 185, col 91 of module handle_propose_message: 3976
@!@!@ENDMSG 2221 @!@!@
@!@!@STARTMSG 2221:0 @!@!@
  line 186, col 18 to line 186, col 51 of module handle_propose_message: 3976
@!@!@ENDMSG 2221 @!@!@
@!@!@STARTMSG 2221:0 @!@!@
  line 187, col 18 to line 189, col 42 of module handle_propose_message: 3976
@!@!@ENDMSG 2221 @!@!@
@!@!@STARTMSG 2772:0 @!@!@
<else_0 line 191, col 1 to line 191, col 12 of module handle_propose_message>: 1092:3500
@!@!@ENDMSG 2772 @!@!@
@!@!@STARTMSG 2221:0 @!@!@
  line 191, col 20 to line 191, col 38 of module handle_propose_message: 44072
@!@!@ENDMSG 2221 @!@!@
@!@!@STARTMSG 2221:0 @!@!@
  |line 191, col 20 to line 191, col 27 of module handle_propose_message: 40572
@!@!@ENDMSG 2221 @!@!@
@!@!@STARTMSG 2221:0 @!@!@
  line 192, col 20 to line 192, col 94 of module handle_propose_message: 3500
@!@!@ENDMSG 2221 @!@!@
@!@!@STARTMSG 2221:0 @!@!@
  |line 192, col 30 to line 192, col 94 of module handle_propose_message: 3500
@!@!@ENDMSG 2221 @!@!@
@!@!@STARTMSG 2221:0 @!@!@
  ||line 192, col 31 to line 192, col 36 of module handle_propose_message: 3500
@!@!@ENDMSG 2221 @!@!@
@!@!@STARTMSG 2221:0 @!@!@
  ||line 192, col 45 to line 192, col 93 of module handle_propose_message: 3500
@!@!@ENDMSG 2221 @!@!@
@!@!@STARTMSG 2775:0 @!@!@
  ||line 192, col 55 to line 192, col 93 of module handle_propose_message: 3500:37548
@!@!@ENDMSG 2775 @!@!@
@!@!@STARTMSG 2221:0 @!@!@
  |||line 192, col 63 to line 192, col 71 of module handle_propose_message: 3500
@!@!@ENDMSG 2221 @!@!@
@!@!@STARTMSG 2221:0 @!@!@
  |||line 192, col 74 to line 192, col 77 of module handle_propose_message: 3500
@!@!@ENDMSG 2221 @!@!@
@!@!@STARTMSG 2221:0 @!@!@
  |||line 192, col 80 to line 192, col 91 of module handle_propose_message: 3500
@!@!@ENDMSG 2221 @!@!@
@!@!@STARTMSG 2221:0 @!@!@
  line 193, col 20 to line 193, col 53 of module handle_propose_message: 3500
@!@!@ENDMSG 2221 @!@!@
@!@!@STARTMSG 2221:0 @!@!@
  line 194, col 20 to line 196, col 69 of module handle_propose_message: 3500
@!@!@ENDMSG 2221 @!@!@
@!@!@STARTMSG 2772:0 @!@!@
<Terminating line 204, col 1 to line 204, col 11 of module handle_propose_message>: 0:175
@!@!@ENDMSG 2772 @!@!@
@!@!@STARTMSG 2221:0 @!@!@
  line 204, col 40 to line 204, col 56 of module handle_propose_message: 14784
@!@!@ENDMSG 2221 @!@!@
@!@!@STARTMSG 2221:0 @!@!@
  |line 204, col 40 to line 204, col 47 of module handle_propose_message: 14084
@!@!@ENDMSG 2221 @!@!@
@!@!@STARTMSG 2221:0 @!@!@
  line 204, col 31 to line 204, col 37 of module handle_propose_message: 10143
@!@!@ENDMSG 2221 @!@!@
@!@!@STARTMSG 2221:0 @!@!@
  line 205, col 19 to line 205, col 32 of module handle_propose_message: 175
@!@!@ENDMSG 2221 @!@!@
@!@!@STARTMSG 2774:0 @!@!@
<TypeOK line 38, col 1 to line 38, col 6 of module handle_propose_message_REF>
@!@!@ENDMSG 2774 @!@!@
@!@!@STARTMSG 2221:0 @!@!@
  line 38, col 11 to line 38, col 25 of module handle_propose_message_REF: 10143
@!@!@ENDMSG 2221 @!@!@
@!@!@STARTMSG 2221:0 @!@!@
  |line 19, col 1 to line 26, col 23 of module handle_propose_message_REF: 10143
@!@!@ENDMSG 2221 @!@!@
@!@!@STARTMSG 2775:0 @!@!@
  |line 23, col 15 to line 23, col 37 of module handle_propose_message_REF: 10143:30429
@!@!@ENDMSG 2775 @!@!@
@!@!@STARTMSG 2221:0 @!@!@
  ||line 23, col 22 to line 23, col 23 of module handle_propose_message_REF: 10143
@!@!@ENDMSG 2221 @!@!@
@!@!@STARTMSG 2221:0 @!@!@
  |line 19, col 1 to line 26, col 23 of module handle_propose_message_REF: 10143
@!@!@ENDMSG 2221 @!@!@
@!@!@STARTMSG 2221:0 @!@!@
  |line 20, col 15 to line 20, col 20 of module handle_propose_message_REF: 10143
@!@!@ENDMSG 2221 @!@!@
@!@!@STARTMSG 2221:0 @!@!@
  |line 19, col 1 to line 26, col 23 of module handle_propose_message_REF: 10143
@!@!@ENDMSG 2221 @!@!@
@!@!@STARTMSG 2775:0 @!@!@
  |line 22, col 18 to line 22, col 36 of module handle_propose_message_REF: 40222:30429
@!@!@ENDMSG 2775 @!@!@
@!@!@STARTMSG 2221:0 @!@!@
  ||line 22, col 25 to line 22, col 26 of module handle_propose_message_REF: 40222
@!@!@ENDMSG 2221 @!@!@
@!@!@STARTMSG 2221:0 @!@!@
  |line 19, col 1 to line 26, col 23 of module handle_propose_message_REF: 40222
@!@!@ENDMSG 2221 @!@!@
@!@!@STARTMSG 2221:0 @!@!@
  |line 24, col 13 to line 26, col 23 of module handle_propose_message_REF: 40222
@!@!@ENDMSG 2221 @!@!@
@!@!@STARTMSG 2221:0 @!@!@
  ||line 24, col 16 to line 24, col 50 of module handle_propose_message_REF: 40222
@!@!@ENDMSG 2221 @!@!@
@!@!@STARTMSG 2221:0 @!@!@
  |||line 24, col 30 to line 24, col 50 of module handle_propose_message_REF: 50498
@!@!@ENDMSG 2221 @!@!@
@!@!@STARTMSG 2221:0 @!@!@
  ||||line 12, col 5 to line 17, col 84 of module handle_propose_message_REF: 50498
@!@!@ENDMSG 2221 @!@!@
@!@!@STARTMSG 2221:0 @!@!@
  |||||line 12, col 8 to line 12, col 24 of module handle_propose_message_REF: 50498
@!@!@ENDMSG 2221 @!@!@
@!@!@STARTMSG 2221:0 @!@!@
  |||||line 13, col 8 to line 13, col 36 of module handle_propose_message_REF: 11018
@!@!@ENDMSG 2221 @!@!@
@!@!@STARTMSG 2221:0 @!@!@
  |||||line 14, col 8 to line 17, col 84 of module handle_propose_message_REF: 11018
@!@!@ENDMSG 2221 @!@!@
@!@!@STARTMSG 2221:0 @!@!@
  ||||||line 14, col 11 to line 15, col 51 of module handle_propose_message_REF: 11018
@!@!@ENDMSG 2221 @!@!@
@!@!@STARTMSG 2221:0 @!@!@
  |||||||line 14, col 14 to line 14, col 21 of module handle_propose_message_REF: 11018
@!@!@ENDMSG 2221 @!@!@
@!@!@STARTMSG 2221:0 @!@!@
  |||||||line 15, col 14 to line 15, col 51 of module handle_propose_message_REF: 3514
@!@!@ENDMSG 2221 @!@!@
@!@!@STARTMSG 2221:0 @!@!@
  ||||||||line 15, col 14 to line 15, col 25 of module handle_propose_message_REF: 3514
@!@!@ENDMSG 2221 @!@!@
@!@!@STARTMSG 2775:0 @!@!@
  ||||||||line 15, col 29 to line 15, col 51 of module handle_propose_message_REF: 3514:14056
@!@!@ENDMSG 2775 @!@!@
@!@!@STARTMSG 2221:0 @!@!@
  |||||||||line 15, col 42 to line 15, col 43 of module handle_propose_message_REF: 3514
@!@!@ENDMSG 2221 @!@!@
@!@!@STARTMSG 2221:0 @!@!@
  ||||||line 16, col 11 to line 17, col 84 of module handle_propose_message_REF: 7504
@!@!@ENDMSG 2221 @!@!@
@!@!@STARTMSG 2221:0 @!@!@
  |||||||line 16, col 14 to line 16, col 22 of module handle_propose_message_REF: 7504
@!@!@ENDMSG 2221 @!@!@
@!@!@STARTMSG 2221:0 @!@!@
  |||||||line 17, col 14 to line 17, col 84 of module handle_propose_message_REF: 7504
@!@!@ENDMSG 2221 @!@!@
@!@!@STARTMSG 2221:0 @!@!@
  ||||||||line 17, col 31 to line 17, col 84 of module handle_propose_message_REF: 30016
@!@!@ENDMSG 2221 @!@!@
@!@!@STARTMSG 2775:0 @!@!@
  |||||||||line 17, col 31 to line 17, col 55 of module handle_propose_message_REF: 30016:60032
@!@!@ENDMSG 2775 @!@!@
@!@!@STARTMSG 2221:0 @!@!@
  ||||||||||line 17, col 32 to line 17, col 54 of module handle_propose_message_REF: 30016
@!@!@ENDMSG 2221 @!@!@
@!@!@STARTMSG 2221:0 @!@!@
  |||||||||line 17, col 67 to line 17, col 84 of module handle_propose_message_REF: 30016
@!@!@ENDMSG 2221 @!@!@
@!@!@STARTMSG 2221:0 @!@!@
  ||||||||line 17, col 26 to line 17, col 27 of module handle_propose_message_REF: 7504
@!@!@ENDMSG 2221 @!@!@
@!@!@STARTMSG 2221:0 @!@!@
  ||||line 24, col 41 to line 24, col 46 of module handle_propose_message_REF: 50498
@!@!@ENDMSG 2221 @!@!@
@!@!@STARTMSG 2221:0 @!@!@
  ||||line 24, col 49 to line 24, col 49 of module handle_propose_message_REF: 50498
@!@!@ENDMSG 2221 @!@!@
@!@!@STARTMSG 2221:0 @!@!@
  |||line 24, col 25 to line 24, col 26 of module handle_propose_message_REF: 40222
@!@!@ENDMSG 2221 @!@!@
@!@!@STARTMSG 2775:0 @!@!@
  ||line 25, col 22 to line 25, col 55 of module handle_propose_message_REF: 742:21147
@!@!@ENDMSG 2775 @!@!@
@!@!@STARTMSG 2775:0 @!@!@
  |||line 25, col 23 to line 25, col 33 of module handle_propose_message_REF: 742:2968
@!@!@ENDMSG 2775 @!@!@
@!@!@STARTMSG 2221:0 @!@!@
  |||line 25, col 36 to line 25, col 42 of module handle_propose_message_REF: 742
@!@!@ENDMSG 2221 @!@!@
@!@!@STARTMSG 2775:0 @!@!@
  |||line 25, col 48 to line 25, col 54 of module handle_propose_message_REF: 742:10388
@!@!@ENDMSG 2775 @!@!@
@!@!@STARTMSG 2221:0 @!@!@
  ||||line 25, col 49 to line 25, col 53 of module handle_propose_message_REF: 742
@!@!@ENDMSG 2221 @!@!@
@!@!@STARTMSG 2775:0 @!@!@
  ||line 26, col 22 to line 26, col 23 of module handle_propose_message_REF: 39480:98896
@!@!@ENDMSG 2775 @!@!@
@!@!@STARTMSG 2221:0 @!@!@
  |line 21, col 16 to line 21, col 20 of module handle_propose_message_REF: 10143
@!@!@ENDMSG 2221 @!@!@
@!@!@STARTMSG 2221:0 @!@!@
  |line 78, col 5 to line 83, col 28 of module BrachaRBC: 10143
@!@!@ENDMSG 2221 @!@!@
@!@!@STARTMSG 2221:0 @!@!@
  ||line 78, col 8 to line 78, col 25 of module BrachaRBC: 10143
@!@!@ENDMSG 2221 @!@!@
@!@!@STARTMSG 2221:0 @!@!@
  |||line 78, col 8 to line 78, col 11 of module BrachaRBC: 10143
@!@!@ENDMSG 2221 @!@!@
@!@!@STARTMSG 2221:0 @!@!@
  |||line 78, col 23 to line 78, col 25 of module BrachaRBC: 10143
@!@!@ENDMSG 2221 @!@!@
@!@!@STARTMSG 2221:0 @!@!@
  ||||line 72, col 8 to line 72, col 57 of module BrachaRBC: 10143
@!@!@ENDMSG 2221 @!@!@
@!@!@STARTMSG 2221:0 @!@!@
  |||||line 72, col 9 to line 72, col 40 of module BrachaRBC: 10143
@!@!@ENDMSG 2221 @!@!@
@!@!@STARTMSG 2221:0 @!@!@
  |||||line 72, col 43 to line 72, col 49 of module BrachaRBC: 10143
@!@!@ENDMSG 2221 @!@!@
@!@!@STARTMSG 2221:0 @!@!@
  |||||line 72, col 55 to line 72, col 56 of module BrachaRBC: 10143
@!@!@ENDMSG 2221 @!@!@
@!@!@STARTMSG 2221:0 @!@!@
  ||||||line 56, col 8 to line 56, col 28 of module BrachaRBC: 10143
@!@!@ENDMSG 2221 @!@!@
@!@!@STARTMSG 2221:0 @!@!@
  |||||||line 56, col 8 to line 56, col 12 of module BrachaRBC: 10143
@!@!@ENDMSG 2221 @!@!@
@!@!@STARTMSG 2775:0 @!@!@
  |||||||line 56, col 19 to line 56, col 28 of module BrachaRBC: 10143:20286
@!@!@ENDMSG 2775 @!@!@
@!@!@STARTMSG 2221:0 @!@!@
  ||||||||line 56, col 20 to line 56, col 27 of module BrachaRBC: 10143
@!@!@ENDMSG 2221 @!@!@
@!@!@STARTMSG 2221:0 @!@!@
  ||line 79, col 8 to line 79, col 20 of module BrachaRBC: 10143
@!@!@ENDMSG 2221 @!@!@
@!@!@STARTMSG 2221:0 @!@!@
  ||line 80, col 8 to line 81, col 45 of module BrachaRBC: 10143
@!@!@ENDMSG 2221 @!@!@
@!@!@STARTMSG 2221:0 @!@!@
  |||line 80, col 11 to line 80, col 44 of module BrachaRBC: 10143
@!@!@ENDMSG 2221 @!@!@
@!@!@STARTMSG 2221:0 @!@!@
  ||||line 80, col 11 to line 80, col 23 of module BrachaRBC: 10143
@!@!@ENDMSG 2221 @!@!@
@!@!@STARTMSG 2221:0 @!@!@
  ||||line 80, col 28 to line 80, col 44 of module BrachaRBC: 8694
@!@!@ENDMSG 2221 @!@!@
@!@!@STARTMSG 2221:0 @!@!@
  |||line 81, col 11 to line 81, col 45 of module BrachaRBC: 1449
@!@!@ENDMSG 2221 @!@!@
@!@!@STARTMSG 2221:0 @!@!@
  ||line 82, col 8 to line 82, col 36 of module BrachaRBC: 10143
@!@!@ENDMSG 2221 @!@!@
@!@!@STARTMSG 2221:0 @!@!@
  ||line 83, col 8 to line 83, col 28 of module BrachaRBC: 10143
@!@!@ENDMSG 2221 @!@!@
@!@!@STARTMSG 2221:0 @!@!@
  |||line 83, col 8 to line 83, col 13 of module BrachaRBC: 10143
@!@!@ENDMSG 2221 @!@!@
@!@!@STARTMSG 2221:0 @!@!@
  |||line 83, col 19 to line 83, col 28 of module BrachaRBC: 10143
@!@!@ENDMSG 2221 @!@!@
@!@!@STARTMSG 2221:0 @!@!@
  ||||line 83, col 20 to line 83, col 21 of module BrachaRBC: 10143
@!@!@ENDMSG 2221 @!@!@
@!@!@STARTMSG 2221:0 @!@!@
  ||||line 83, col 26 to line 83, col 27 of module BrachaRBC: 10143
@!@!@ENDMSG 2221 @!@!@
@!@!@STARTMSG 2221:0 @!@!@
  |||||line 56, col 8 to line 56, col 28 of module BrachaRBC: 10143
@!@!@ENDMSG 2221 @!@!@
@!@!@STARTMSG 2221:0 @!@!@
  ||||||line 56, col 8 to line 56, col 12 of module BrachaRBC: 10143
@!@!@ENDMSG 2221 @!@!@
@!@!@STARTMSG 2775:0 @!@!@
  ||||||line 56, col 19 to line 56, col 28 of module BrachaRBC: 10143:20286
@!@!@ENDMSG 2775 @!@!@
@!@!@STARTMSG 2221:0 @!@!@
  |||||||line 56, col 20 to line 56, col 27 of module BrachaRBC: 10143
@!@!@ENDMSG 2221 @!@!@
@!@!@STARTMSG 2202:0 @!@!@
End of statistics.
@!@!@ENDMSG 2202 @!@!@
@!@!@STARTMSG 2200:0 @!@!@
Progress(17) at 2022-12-31 11:44:08: 30,093 states generated (367,960 s/min), 10,143 distinct states found (124,022 ds/min), 0 states left on queue.
@!@!@ENDMSG 2200 @!@!@
@!@!@STARTMSG 2199:0 @!@!@
30093 states generated, 10143 distinct states found, 0 states left on queue.
@!@!@ENDMSG 2199 @!@!@
@!@!@STARTMSG 2194:0 @!@!@
The depth of the complete state graph search is 17.
@!@!@ENDMSG 2194 @!@!@
@!@!@STARTMSG 2268:0 @!@!@
The average outdegree of the complete state graph is 1 (minimum is 0, the maximum 4 and the 95th percentile is 2).
@!@!@ENDMSG 2268 @!@!@
@!@!@STARTMSG 2186:0 @!@!@
Finished in 4909ms at (2022-12-31 11:44:08)
@!@!@ENDMSG 2186 @!@!@
